Last login: Sun Sep 10 18:06:13 on ttys000
AMANs-MacBook-Pro:~ aman9v$ cd Desktop/
AMANs-MacBook-Pro:Desktop aman9v$ cd node-web-server/
AMANs-MacBook-Pro:node-web-server aman9v$ heroku --help
Usage: heroku COMMAND

Help topics, type heroku help TOPIC for more details:

 access          manage user access to apps
 addons          tools and services for developing, extending, and operating
                 your app
 apps            manage apps
 auth            heroku authentication
 authorizations  OAuth authorizations
 buildpacks      manage the buildpacks for an app
 certs           a topic for the ssl plugin
 ci              run an application test suite on Heroku
 clients         OAuth clients on the platform
 config          manage app config vars
 container       Use containers to build and deploy Heroku apps
 domains         manage the domains for an app
 drains          list all log drains
 features        manage optional features
 git             manage local git repository for app
 keys            manage ssh keys
 labs            experimental features
 local           run heroku app locally
 logs            display recent log output
 maintenance     manage maintenance mode for an app
 members         manage organization members
 notifications   display notifications
 orgs            manage organizations
 pg              manage postgresql databases
 pipelines       manage collections of apps in pipelines
 plugins         manage plugins
 ps              manage dynos (dynos, workers)
 redis           manage heroku redis instances
 regions         list available regions
 releases        manage app releases
 run             run a one-off process inside a Heroku dyno
 sessions        OAuth sessions
 spaces          manage heroku private spaces
 status          status of the Heroku platform
 teams           manage teams
 update          update CLI
 webhooks        setup HTTP notifications of app activity

AMANs-MacBook-Pro:node-web-server aman9v$ heroku login
Enter your Heroku credentials:
Email: amanviitb@gmail.com
Password: *********
Logged in as amanviitb@gmail.com
AMANs-MacBook-Pro:node-web-server aman9v$ clear

AMANs-MacBook-Pro:node-web-server aman9v$ heroku keys:add
Found an SSH public key at /Users/aman9v/.ssh/id_rsa.pub
? Would you like to upload it to Heroku? Yes
Uploading /Users/aman9v/.ssh/id_rsa.pub SSH key... done
AMANs-MacBook-Pro:node-web-server aman9v$ heroku keys
=== amanviitb@gmail.com keys
ssh-rsa AAAAB3NzaC...+QyLZ76w== aman9verma@hotmail.com
AMANs-MacBook-Pro:node-web-server aman9v$ ssh -v git@heroku.com
OpenSSH_7.4p1, LibreSSL 2.5.0
debug1: Reading configuration data /etc/ssh/ssh_config
debug1: Connecting to heroku.com [50.19.85.132] port 22.
debug1: Connection established.
debug1: identity file /Users/aman9v/.ssh/id_rsa type 1
debug1: key_load_public: No such file or directory
debug1: identity file /Users/aman9v/.ssh/id_rsa-cert type -1
debug1: key_load_public: No such file or directory
debug1: identity file /Users/aman9v/.ssh/id_dsa type -1
debug1: key_load_public: No such file or directory
debug1: identity file /Users/aman9v/.ssh/id_dsa-cert type -1
debug1: key_load_public: No such file or directory
debug1: identity file /Users/aman9v/.ssh/id_ecdsa type -1
debug1: key_load_public: No such file or directory
debug1: identity file /Users/aman9v/.ssh/id_ecdsa-cert type -1
debug1: key_load_public: No such file or directory
debug1: identity file /Users/aman9v/.ssh/id_ed25519 type -1
debug1: key_load_public: No such file or directory
debug1: identity file /Users/aman9v/.ssh/id_ed25519-cert type -1
debug1: Enabling compatibility mode for protocol 2.0
debug1: Local version string SSH-2.0-OpenSSH_7.4
debug1: Remote protocol version 2.0, remote software version endosome
debug1: no match: endosome
debug1: Authenticating to heroku.com:22 as 'git'
debug1: SSH2_MSG_KEXINIT sent
debug1: SSH2_MSG_KEXINIT received
debug1: kex: algorithm: curve25519-sha256@libssh.org
debug1: kex: host key algorithm: ssh-rsa
debug1: kex: server->client cipher: aes128-ctr MAC: hmac-sha2-256-etm@openssh.com compression: none
debug1: kex: client->server cipher: aes128-ctr MAC: hmac-sha2-256-etm@openssh.com compression: none
debug1: expecting SSH2_MSG_KEX_ECDH_REPLY
debug1: Server host key: ssh-rsa SHA256:8tF0wX2WquK45aGKs/Bh1dKmBXH08vxUe0VCJJWOA/o
The authenticity of host 'heroku.com (50.19.85.132)' can't be established.
RSA key fingerprint is SHA256:8tF0wX2WquK45aGKs/Bh1dKmBXH08vxUe0VCJJWOA/o.
Are you sure you want to continue connecting (yes/no)? yes
Warning: Permanently added 'heroku.com,50.19.85.132' (RSA) to the list of known hosts.
debug1: rekey after 4294967296 blocks
debug1: SSH2_MSG_NEWKEYS sent
debug1: expecting SSH2_MSG_NEWKEYS
debug1: SSH2_MSG_NEWKEYS received
debug1: rekey after 4294967296 blocks
debug1: SSH2_MSG_SERVICE_ACCEPT received
debug1: Authentications that can continue: publickey
debug1: Next authentication method: publickey
debug1: Offering RSA public key: /Users/aman9v/.ssh/id_rsa
debug1: Server accepts key: pkalg ssh-rsa blen 535
debug1: Authentication succeeded (publickey).
Authenticated to heroku.com ([50.19.85.132]:22).
debug1: channel 0: new [client-session]
debug1: Entering interactive session.
debug1: pledge: network
PTY allocation request failed on channel 0
shell request failed on channel 0
AMANs-MacBook-Pro:node-web-server aman9v$ clear

AMANs-MacBook-Pro:node-web-server aman9v$ env 
TERM_PROGRAM=Apple_Terminal
SHELL=/bin/bash
TERM=xterm-256color
TMPDIR=/var/folders/y0/p7cys_790ndbcl3_pn7xqz4w0000gn/T/
Apple_PubSub_Socket_Render=/private/tmp/com.apple.launchd.JPTu62Vl3K/Render
TERM_PROGRAM_VERSION=388.1
OLDPWD=/Users/aman9v/Desktop
TERM_SESSION_ID=4586CDD8-B1B9-456C-8D70-7EBE7F307D85
USER=aman9v
SSH_AUTH_SOCK=/private/tmp/com.apple.launchd.HGTd79T3qJ/Listeners
__CF_USER_TEXT_ENCODING=0x1F5:0x0:0x0
PATH=/usr/local/bin:/usr/bin:/bin:/usr/sbin:/sbin
PWD=/Users/aman9v/Desktop/node-web-server
XPC_FLAGS=0x0
XPC_SERVICE_NAME=0
SHLVL=1
HOME=/Users/aman9v
PYTHONPATH=/usr/local/lib/python2.7/site-packages:
LOGNAME=aman9v
LC_CTYPE=UTF-8
_=/usr/bin/env
AMANs-MacBook-Pro:node-web-server aman9v$ npm start

> web-server@1.0.0 start /Users/aman9v/Desktop/node-web-server
> node server.js

Server is up on port 3000
^CAMANs-MacBook-Pro:node-web-server aman9v$ git status
On branch master
Your branch is up-to-date with 'origin/master'.
Changes not staged for commit:
  (use "git add <file>..." to update what will be committed)
  (use "git checkout -- <file>..." to discard changes in working directory)

	modified:   package.json
	modified:   server.js

Untracked files:
  (use "git add <file>..." to include in what will be committed)

	.DS_Store
	package-lock.json

no changes added to commit (use "git add" and/or "git commit -a")
AMANs-MacBook-Pro:node-web-server aman9v$ git commit -a -m "Setup start script and heroku port"
[master e1c0ca0] Setup start script and heroku port
 2 files changed, 8 insertions(+), 6 deletions(-)
AMANs-MacBook-Pro:node-web-server aman9v$ git status
On branch master
Your branch is ahead of 'origin/master' by 1 commit.
  (use "git push" to publish your local commits)
Untracked files:
  (use "git add <file>..." to include in what will be committed)

	.DS_Store
	package-lock.json

nothing added to commit but untracked files present (use "git add" to track)
AMANs-MacBook-Pro:node-web-server aman9v$ git push -u origin master
Counting objects: 4, done.
Delta compression using up to 4 threads.
Compressing objects: 100% (4/4), done.
Writing objects: 100% (4/4), 676 bytes | 0 bytes/s, done.
Total 4 (delta 2), reused 0 (delta 0)
remote: Resolving deltas: 100% (2/2), completed with 2 local objects.
To https://github.com/aman9v/Node_repo.git
   7d808cb..e1c0ca0  master -> master
Branch master set up to track remote branch master from origin.
AMANs-MacBook-Pro:node-web-server aman9v$ heroku create 
Creating app... done, ⬢ rocky-depths-31604
https://rocky-depths-31604.herokuapp.com/ | https://git.heroku.com/rocky-depths-31604.git
AMANs-MacBook-Pro:node-web-server aman9v$ git push heroku
Counting objects: 18, done.
Delta compression using up to 4 threads.
Compressing objects: 100% (16/16), done.
Writing objects: 100% (18/18), 2.93 KiB | 0 bytes/s, done.
Total 18 (delta 2), reused 0 (delta 0)
remote: Compressing source files... done.
remote: Building source:
remote: 
remote: -----> Node.js app detected
remote: 
remote: -----> Creating runtime environment
remote:        
remote:        NPM_CONFIG_LOGLEVEL=error
remote:        NPM_CONFIG_PRODUCTION=true
remote:        NODE_VERBOSE=false
remote:        NODE_ENV=production
remote:        NODE_MODULES_CACHE=true
remote: 
remote: -----> Installing binaries
remote:        engines.node (package.json):  unspecified
remote:        engines.npm (package.json):   unspecified (use default)
remote:        
remote:        Resolving node version 6.x...
remote:        Downloading and installing node 6.11.3...
remote:        Using default npm version: 3.10.10
remote: 
remote: -----> Restoring cache
remote:        Skipping cache restore (not-found)
remote: 
remote: -----> Building dependencies
remote:        Installing node modules (package.json)
remote:        web-server@1.0.0 /tmp/build_38035f84bff3906a6d63ec0fa30de00f
remote:        ├─┬ express@4.15.4
remote:        │ ├─┬ accepts@1.3.4
remote:        │ │ ├─┬ mime-types@2.1.17
remote:        │ │ │ └── mime-db@1.30.0
remote:        │ │ └── negotiator@0.6.1
remote:        │ ├── array-flatten@1.1.1
remote:        │ ├── content-disposition@0.5.2
remote:        │ ├── content-type@1.0.2
remote:        │ ├── cookie@0.3.1
remote:        │ ├── cookie-signature@1.0.6
remote:        │ ├─┬ debug@2.6.8
remote:        │ │ └── ms@2.0.0
remote:        │ ├── depd@1.1.1
remote:        │ ├── encodeurl@1.0.1
remote:        │ ├── escape-html@1.0.3
remote:        │ ├── etag@1.8.0
remote:        │ ├─┬ finalhandler@1.0.4
remote:        │ │ └── unpipe@1.0.0
remote:        │ ├── fresh@0.5.0
remote:        │ ├── merge-descriptors@1.0.1
remote:        │ ├── methods@1.1.2
remote:        │ ├─┬ on-finished@2.3.0
remote:        │ │ └── ee-first@1.1.1
remote:        │ ├── parseurl@1.3.2
remote:        │ ├── path-to-regexp@0.1.7
remote:        │ ├─┬ proxy-addr@1.1.5
remote:        │ │ ├── forwarded@0.1.0
remote:        │ │ └── ipaddr.js@1.4.0
remote:        │ ├── qs@6.5.0
remote:        │ ├── range-parser@1.2.0
remote:        │ ├─┬ send@0.15.4
remote:        │ │ ├── destroy@1.0.4
remote:        │ │ ├─┬ http-errors@1.6.2
remote:        │ │ │ └── inherits@2.0.3
remote:        │ │ └── mime@1.3.4
remote:        │ ├── serve-static@1.12.4
remote:        │ ├── setprototypeof@1.0.3
remote:        │ ├── statuses@1.3.1
remote:        │ ├─┬ type-is@1.6.15
remote:        │ │ └── media-typer@0.3.0
remote:        │ ├── utils-merge@1.0.0
remote:        │ └── vary@1.1.1
remote:        └─┬ hbs@4.0.1
remote:        ├─┬ handlebars@4.0.5
remote:        │ ├── async@1.5.2
remote:        │ ├─┬ optimist@0.6.1
remote:        │ │ ├── minimist@0.0.10
remote:        │ │ └── wordwrap@0.0.3
remote:        │ ├─┬ source-map@0.4.4
remote:        │ │ └── amdefine@1.0.1
remote:        │ └─┬ uglify-js@2.8.29
remote:        │   ├── source-map@0.5.7
remote:        │   ├── uglify-to-browserify@1.0.2
remote:        │   └─┬ yargs@3.10.0
remote:        │     ├── camelcase@1.2.1
remote:        │     ├─┬ cliui@2.1.0
remote:        │     │ ├─┬ center-align@0.1.3
remote:        │     │ │ ├─┬ align-text@0.1.4
remote:        │     │ │ │ ├─┬ kind-of@3.2.2
remote:        │     │ │ │ │ └── is-buffer@1.1.5
remote:        │     │ │ │ ├── longest@1.0.1
remote:        │     │ │ │ └── repeat-string@1.6.1
remote:        │     │ │ └── lazy-cache@1.0.4
remote:        │     │ ├── right-align@0.1.3
remote:        │     │ └── wordwrap@0.0.2
remote:        │     ├── decamelize@1.2.0
remote:        │     └── window-size@0.1.0
remote:        └─┬ walk@2.3.9
remote:        └── foreachasync@3.0.0
remote:        
remote: 
remote: -----> Caching build
remote:        Clearing previous node cache
remote:        Saving 2 cacheDirectories (default):
remote:        - node_modules
remote:        - bower_components (nothing to cache)
remote: 
remote: -----> Build succeeded!
remote: -----> Discovering process types
remote:        Procfile declares types     -> (none)
remote:        Default types for buildpack -> web
remote: 
remote: -----> Compressing...
remote:        Done: 14.8M
remote: -----> Launching...
remote:        Released v3
remote:        https://rocky-depths-31604.herokuapp.com/ deployed to Heroku
remote: 
remote: Verifying deploy... done.
To https://git.heroku.com/rocky-depths-31604.git
 * [new branch]      master -> master
AMANs-MacBook-Pro:node-web-server aman9v$ git remote rm heroku
AMANs-MacBook-Pro:node-web-server aman9v$ heroku git:remote -a new-express
set git remote heroku to https://git.heroku.com/new-express.git
AMANs-MacBook-Pro:node-web-server aman9v$ heroku open
AMANs-MacBook-Pro:node-web-server aman9v$ node server.js
Server is up on port 3000
Sun Sep 10 2017 21:16:01 GMT+0530 (IST): GET /
Logged to server.log
Sun Sep 10 2017 21:16:06 GMT+0530 (IST): GET /about
Logged to server.log
Sun Sep 10 2017 21:16:09 GMT+0530 (IST): GET /projects
TypeError: req.render is not a function
    at app.get (/Users/aman9v/Desktop/node-web-server/server.js:61:7)
    at Layer.handle [as handle_request] (/Users/aman9v/Desktop/node-web-server/node_modules/express/lib/router/layer.js:95:5)
    at next (/Users/aman9v/Desktop/node-web-server/node_modules/express/lib/router/route.js:137:13)
    at Route.dispatch (/Users/aman9v/Desktop/node-web-server/node_modules/express/lib/router/route.js:112:3)
    at Layer.handle [as handle_request] (/Users/aman9v/Desktop/node-web-server/node_modules/express/lib/router/layer.js:95:5)
    at /Users/aman9v/Desktop/node-web-server/node_modules/express/lib/router/index.js:281:22
    at Function.process_params (/Users/aman9v/Desktop/node-web-server/node_modules/express/lib/router/index.js:335:12)
    at next (/Users/aman9v/Desktop/node-web-server/node_modules/express/lib/router/index.js:275:10)
    at app.use (/Users/aman9v/Desktop/node-web-server/server.js:28:3)
    at Layer.handle [as handle_request] (/Users/aman9v/Desktop/node-web-server/node_modules/express/lib/router/layer.js:95:5)
Logged to server.log
^C
AMANs-MacBook-Pro:node-web-server aman9v$ nodemon server.js 
[nodemon] 1.11.0
[nodemon] to restart at any time, enter `rs`
[nodemon] watching: *.*
[nodemon] starting `node server.js`
Server is up on port 3000
Sun Sep 10 2017 21:17:22 GMT+0530 (IST): GET /about
Logged to server.log
Sun Sep 10 2017 21:17:24 GMT+0530 (IST): GET /about
Logged to server.log
Sun Sep 10 2017 21:17:27 GMT+0530 (IST): GET /projects
Logged to server.log
Sun Sep 10 2017 21:17:30 GMT+0530 (IST): GET /about
Logged to server.log
Sun Sep 10 2017 21:17:31 GMT+0530 (IST): GET /
Logged to server.log
Sun Sep 10 2017 21:17:39 GMT+0530 (IST): GET /
Logged to server.log
Sun Sep 10 2017 21:17:40 GMT+0530 (IST): GET /about
Logged to server.log
Sun Sep 10 2017 21:17:41 GMT+0530 (IST): GET /projects
Logged to server.log
^CAMANs-MacBook-Pro:node-web-server aman9v$ 
AMANs-MacBook-Pro:node-web-server aman9v$ git status
On branch master
Your branch is up-to-date with 'origin/master'.
Changes not staged for commit:
  (use "git add <file>..." to update what will be committed)
  (use "git checkout -- <file>..." to discard changes in working directory)

	modified:   server.js
	modified:   views/partials/header.hbs

Untracked files:
  (use "git add <file>..." to include in what will be committed)

	.DS_Store
	package-lock.json
	views/projects.hbs

no changes added to commit (use "git add" and/or "git commit -a")
AMANs-MacBook-Pro:node-web-server aman9v$ git add .
AMANs-MacBook-Pro:node-web-server aman9v$ git status
On branch master
Your branch is up-to-date with 'origin/master'.
Changes to be committed:
  (use "git reset HEAD <file>..." to unstage)

	new file:   .DS_Store
	new file:   package-lock.json
	modified:   server.js
	modified:   views/partials/header.hbs
	new file:   views/projects.hbs

AMANs-MacBook-Pro:node-web-server aman9v$ git commit -m "Add project page"
[master d6db742] Add project page
 5 files changed, 524 insertions(+), 1 deletion(-)
 create mode 100644 .DS_Store
 create mode 100644 package-lock.json
 create mode 100644 views/projects.hbs
AMANs-MacBook-Pro:node-web-server aman9v$ git push origin master
Counting objects: 9, done.
Delta compression using up to 4 threads.
Compressing objects: 100% (9/9), done.
Writing objects: 100% (9/9), 5.06 KiB | 0 bytes/s, done.
Total 9 (delta 2), reused 0 (delta 0)
remote: Resolving deltas: 100% (2/2), completed with 2 local objects.
To https://github.com/aman9v/Node_repo.git
   e1c0ca0..d6db742  master -> master
AMANs-MacBook-Pro:node-web-server aman9v$ git push heroku
Counting objects: 9, done.
Delta compression using up to 4 threads.
Compressing objects: 100% (9/9), done.
Writing objects: 100% (9/9), 5.06 KiB | 0 bytes/s, done.
Total 9 (delta 2), reused 0 (delta 0)
remote: Compressing source files... done.
remote: Building source:
remote: 
remote: -----> Node.js app detected
remote: 
remote: -----> Creating runtime environment
remote:        
remote:        NPM_CONFIG_LOGLEVEL=error
remote:        NPM_CONFIG_PRODUCTION=true
remote:        NODE_VERBOSE=false
remote:        NODE_ENV=production
remote:        NODE_MODULES_CACHE=true
remote: 
remote: -----> Installing binaries
remote:        engines.node (package.json):  unspecified
remote:        engines.npm (package.json):   unspecified (use default)
remote:        
remote:        Resolving node version 6.x...
remote:        Downloading and installing node 6.11.3...
remote:        Detected package-lock.json: defaulting npm to version 5.x.x
remote:        Bootstrapping npm 5.x.x (replacing 3.10.10)...
remote:        npm 5.4.1 installed
remote: 
remote: -----> Restoring cache
remote:        Skipping cache restore (new-signature)
remote: 
remote: -----> Building dependencies
remote:        Installing node modules (package.json + package-lock)
remote:        added 69 packages in 2.346s
remote: 
remote: -----> Caching build
remote:        Clearing previous node cache
remote:        Saving 2 cacheDirectories (default):
remote:        - node_modules
remote:        - bower_components (nothing to cache)
remote: 
remote: -----> Build succeeded!
remote: -----> Discovering process types
remote:        Procfile declares types     -> (none)
remote:        Default types for buildpack -> web
remote: 
remote: -----> Compressing...
remote:        Done: 16.8M
remote: -----> Launching...
remote:        Released v4
remote:        https://new-express.herokuapp.com/ deployed to Heroku
remote: 
remote: Verifying deploy... done.
To https://git.heroku.com/new-express.git
   e1c0ca0..d6db742  master -> master
AMANs-MacBook-Pro:node-web-server aman9v$ 
